// Jest Snapshot v1, https://goo.gl/fbAQLP

exports[`Should render ExpenseListItem 1`] = `
<tr>
  <td>
    <Link
      replace={false}
      to="/edit/1"
    >
      Gum
    </Link>
  </td>
  <td>
    $1.95
  </td>
  <td>
    31st December, 1969
  </td>
</tr>
`;
