// Jest Snapshot v1, https://goo.gl/fbAQLP

exports[`Should render header correctly 1`] = `
<header>
  <h1>
    Expensify
  </h1>
  <nav>
    <ul>
      <li>
        <NavLink
          activeClassName="is-active"
          ariaCurrent="true"
          exact={true}
          to="/"
        >
          Dashboard
        </NavLink>
      </li>
      <li>
        <NavLink
          activeClassName="is-active"
          ariaCurrent="true"
          to="/create"
        >
          Add an expense
        </NavLink>
      </li>
    </ul>
  </nav>
</header>
`;
